[03:31:02] [ServerMain/INFO]: Environment: authHost='https://authserver.mojang.com', accountsHost='https://api.mojang.com', sessionHost='https://sessionserver.mojang.com', servicesHost='https://api.minecraftservices.com', name='PROD'
[03:31:05] [ServerMain/INFO]: Loaded 7 recipes
[03:31:06] [ServerMain/INFO]: Loaded 1271 advancements
[03:31:07] [Server thread/INFO]: Starting minecraft server version 1.20.1
[03:31:07] [Server thread/INFO]: Loading properties
[03:31:07] [Server thread/INFO]: Default game type: SURVIVAL
[03:31:07] [Server thread/INFO]: Generating keypair
[03:31:07] [Server thread/INFO]: Starting Minecraft server on *:25565
[03:31:07] [Server thread/INFO]: Using epoll channel type
[03:31:07] [Server thread/WARN]: **** SERVER IS RUNNING IN OFFLINE/INSECURE MODE!
[03:31:07] [Server thread/WARN]: The server will make no attempt to authenticate usernames. Beware.
[03:31:07] [Server thread/WARN]: While this makes the game possible to play without internet access, it also opens up the ability for hackers to connect with any username they choose.
[03:31:07] [Server thread/WARN]: To change this, set "online-mode" to "true" in the server.properties file.
[03:31:07] [Server thread/INFO]: Preparing level "world"
[03:31:22] [Server thread/INFO]: Preparing start region for dimension minecraft:overworld
[03:31:22] [Worker-Main-1/INFO]: Preparing spawn area: 0%
[03:31:22] [Worker-Main-1/INFO]: Preparing spawn area: 0%
[03:31:23] [Worker-Main-1/INFO]: Preparing spawn area: 0%
[03:31:23] [Worker-Main-1/INFO]: Preparing spawn area: 0%
[03:31:24] [Worker-Main-1/INFO]: Preparing spawn area: 0%
[03:31:24] [Worker-Main-1/INFO]: Preparing spawn area: 0%
[03:31:25] [Worker-Main-1/INFO]: Preparing spawn area: 0%
[03:31:26] [Worker-Main-1/INFO]: Preparing spawn area: 0%
[03:31:26] [Worker-Main-1/INFO]: Preparing spawn area: 0%
[03:31:26] [Worker-Main-1/INFO]: Preparing spawn area: 0%
[03:31:27] [Worker-Main-1/INFO]: Preparing spawn area: 0%
[03:31:27] [Worker-Main-1/INFO]: Preparing spawn area: 0%
[03:31:28] [Worker-Main-1/INFO]: Preparing spawn area: 0%
[03:31:28] [Worker-Main-1/INFO]: Preparing spawn area: 0%
[03:31:29] [Worker-Main-1/INFO]: Preparing spawn area: 0%
[03:31:29] [Worker-Main-1/INFO]: Preparing spawn area: 0%
[03:31:30] [Worker-Main-1/INFO]: Preparing spawn area: 0%
[03:31:30] [Worker-Main-1/INFO]: Preparing spawn area: 0%
[03:31:31] [Worker-Main-1/INFO]: Preparing spawn area: 0%
[03:31:31] [Worker-Main-1/INFO]: Preparing spawn area: 0%
[03:31:32] [Worker-Main-1/INFO]: Preparing spawn area: 0%
[03:31:32] [Worker-Main-1/INFO]: Preparing spawn area: 0%
[03:31:33] [Worker-Main-1/INFO]: Preparing spawn area: 0%
[03:31:33] [Worker-Main-1/INFO]: Preparing spawn area: 0%
[03:31:34] [Worker-Main-1/INFO]: Preparing spawn area: 0%
[03:31:34] [Worker-Main-1/INFO]: Preparing spawn area: 0%
[03:31:35] [Worker-Main-1/INFO]: Preparing spawn area: 0%
[03:31:35] [Worker-Main-1/INFO]: Preparing spawn area: 0%
[03:31:36] [Worker-Main-1/INFO]: Preparing spawn area: 0%
[03:31:36] [Worker-Main-1/INFO]: Preparing spawn area: 0%
[03:31:37] [Worker-Main-1/INFO]: Preparing spawn area: 0%
[03:31:37] [Worker-Main-1/INFO]: Preparing spawn area: 0%
[03:31:38] [Worker-Main-1/INFO]: Preparing spawn area: 0%
[03:31:38] [Worker-Main-1/INFO]: Preparing spawn area: 0%
[03:31:39] [Worker-Main-1/INFO]: Preparing spawn area: 0%
[03:31:39] [Worker-Main-1/INFO]: Preparing spawn area: 0%
[03:31:40] [Worker-Main-1/INFO]: Preparing spawn area: 0%
[03:31:40] [Worker-Main-1/INFO]: Preparing spawn area: 0%
[03:31:41] [Worker-Main-1/INFO]: Preparing spawn area: 0%
[03:31:41] [Worker-Main-1/INFO]: Preparing spawn area: 0%
[03:31:42] [Worker-Main-1/INFO]: Preparing spawn area: 0%
[03:31:42] [Worker-Main-1/INFO]: Preparing spawn area: 0%
[03:31:43] [Worker-Main-1/INFO]: Preparing spawn area: 0%
[03:31:43] [Worker-Main-1/INFO]: Preparing spawn area: 0%
[03:31:44] [Worker-Main-1/INFO]: Preparing spawn area: 0%
[03:31:44] [Worker-Main-1/INFO]: Preparing spawn area: 0%
[03:31:45] [Worker-Main-1/INFO]: Preparing spawn area: 0%
[03:31:45] [Worker-Main-1/INFO]: Preparing spawn area: 0%
[03:31:46] [Worker-Main-1/INFO]: Preparing spawn area: 0%
[03:31:46] [Worker-Main-1/INFO]: Preparing spawn area: 0%
[03:31:47] [Worker-Main-1/INFO]: Preparing spawn area: 0%
[03:31:47] [Worker-Main-1/INFO]: Preparing spawn area: 0%
[03:31:48] [Worker-Main-1/INFO]: Preparing spawn area: 0%
[03:31:48] [Worker-Main-1/INFO]: Preparing spawn area: 0%
[03:31:49] [Worker-Main-1/INFO]: Preparing spawn area: 0%
[03:31:49] [Worker-Main-1/INFO]: Preparing spawn area: 0%
[03:31:50] [Worker-Main-1/INFO]: Preparing spawn area: 0%
[03:31:50] [Worker-Main-1/INFO]: Preparing spawn area: 0%
[03:31:51] [Worker-Main-1/INFO]: Preparing spawn area: 0%
[03:31:51] [Worker-Main-1/INFO]: Preparing spawn area: 0%
[03:31:52] [Worker-Main-1/INFO]: Preparing spawn area: 0%
[03:31:52] [Worker-Main-1/INFO]: Preparing spawn area: 0%
[03:31:53] [Worker-Main-1/INFO]: Preparing spawn area: 0%
[03:31:53] [Worker-Main-1/INFO]: Preparing spawn area: 0%
[03:31:54] [Worker-Main-1/INFO]: Preparing spawn area: 0%
[03:31:54] [Worker-Main-1/INFO]: Preparing spawn area: 0%
[03:31:55] [Worker-Main-1/INFO]: Preparing spawn area: 0%
[03:31:55] [Worker-Main-1/INFO]: Preparing spawn area: 0%
[03:31:56] [Worker-Main-1/INFO]: Preparing spawn area: 0%
[03:31:56] [Worker-Main-1/INFO]: Preparing spawn area: 0%
[03:31:57] [Worker-Main-1/INFO]: Preparing spawn area: 0%
[03:31:57] [Worker-Main-1/INFO]: Preparing spawn area: 0%
[03:31:58] [Worker-Main-1/INFO]: Preparing spawn area: 0%
[03:31:58] [Worker-Main-1/INFO]: Preparing spawn area: 0%
[03:31:59] [Worker-Main-1/INFO]: Preparing spawn area: 0%
[03:31:59] [Worker-Main-1/INFO]: Preparing spawn area: 0%
[03:32:00] [Worker-Main-1/INFO]: Preparing spawn area: 0%
[03:32:00] [Worker-Main-1/INFO]: Preparing spawn area: 0%
[03:32:01] [Worker-Main-1/INFO]: Preparing spawn area: 0%
[03:32:01] [Worker-Main-1/INFO]: Preparing spawn area: 0%
[03:32:02] [Worker-Main-1/INFO]: Preparing spawn area: 0%
[03:32:02] [Worker-Main-1/INFO]: Preparing spawn area: 0%
[03:32:03] [Worker-Main-1/INFO]: Preparing spawn area: 0%
[03:32:03] [Worker-Main-1/INFO]: Preparing spawn area: 0%
[03:32:04] [Worker-Main-1/INFO]: Preparing spawn area: 0%
[03:32:04] [Worker-Main-1/INFO]: Preparing spawn area: 0%
[03:32:05] [Worker-Main-1/INFO]: Preparing spawn area: 0%
[03:32:05] [Worker-Main-1/INFO]: Preparing spawn area: 0%
[03:32:06] [Worker-Main-1/INFO]: Preparing spawn area: 0%
[03:32:06] [Worker-Main-1/INFO]: Preparing spawn area: 0%
[03:32:07] [Worker-Main-1/INFO]: Preparing spawn area: 0%
[03:32:07] [Worker-Main-1/INFO]: Preparing spawn area: 0%
[03:32:08] [Worker-Main-1/INFO]: Preparing spawn area: 0%
[03:32:08] [Worker-Main-1/INFO]: Preparing spawn area: 0%
[03:32:09] [Worker-Main-1/INFO]: Preparing spawn area: 0%
[03:32:10] [Worker-Main-1/INFO]: Preparing spawn area: 0%
[03:32:10] [Worker-Main-1/INFO]: Preparing spawn area: 16%
[03:32:10] [Worker-Main-1/INFO]: Preparing spawn area: 16%
[03:32:11] [Worker-Main-1/INFO]: Preparing spawn area: 75%
[03:32:14] [Server thread/INFO]: Time elapsed: 52501 ms
[03:32:14] [Server thread/INFO]: Done (67.148s)! For help, type "help"
[03:32:34] [Server thread/INFO]: elismaelkira[/127.11.210.87:52155] logged in with entity id 209 at (-17.5, 107.0, 24.5)
[03:32:34] [Server thread/INFO]: elismaelkira joined the game
[03:33:15] [Server thread/INFO]: Katal24[/127.208.23.136:43527] logged in with entity id 441 at (-12.5, 105.0, 18.5)
[03:33:15] [Server thread/INFO]: Katal24 joined the game
[03:33:17] [Server thread/INFO]: [Not Secure] <elismaelkira> dou
[03:33:19] [Server thread/INFO]: [Not Secure] <elismaelkira> xd
[03:33:26] [Server thread/INFO]: [Not Secure] <Katal24> eu
[03:33:26] [Server thread/INFO]: [Not Secure] <elismaelkira> me ves skin?
[03:33:31] [Server thread/INFO]: [Not Secure] <elismaelkira> la olvide cambiar x
[03:33:32] [Server thread/INFO]: [Not Secure] <elismaelkira> xd
[03:33:37] [Server thread/INFO]: [Not Secure] <Katal24> nou xd
[03:33:41] [Server thread/INFO]: [Not Secure] <Katal24> ni la mia
[03:34:37] [Server thread/INFO]: Katal24 fell from a high place
[03:35:13] [Server thread/INFO]: Katal24 fell from a high place
[03:36:02] [Server thread/INFO]: Katal24 has made the advancement [Stone Age]
[03:36:09] [Server thread/INFO]: Katal24 has made the advancement [Getting an Upgrade]
[03:36:24] [Server thread/INFO]: Katal24 has made the advancement [Monster Hunter]
[03:36:27] [Server thread/INFO]: [Not Secure] <elismaelkira> a la final pagamos un server pal modpack?
[03:39:25] [Server thread/INFO]: [Not Secure] <elismaelkira> tons como le hacemos
[03:39:48] [Server thread/INFO]: elismaelkira has made the advancement [Stone Age]
[03:39:58] [Server thread/INFO]: elismaelkira has made the advancement [Getting an Upgrade]
[03:42:07] [Server thread/INFO]: Katal24 has made the advancement [Acquire Hardware]
[03:43:53] [Server thread/INFO]: Katal24 has made the advancement [Suit Up]
[03:44:06] [Server thread/INFO]: [Not Secure] <Katal24> como vas?
[03:44:11] [Server thread/INFO]: [Not Secure] <elismaelkira> bien
[03:45:06] [Server thread/INFO]: Katal24 has made the advancement [Isn't It Iron Pick]
[03:45:53] [Server thread/INFO]: Katal24 has made the advancement [Not Today, Thank You]
[03:45:53] [Server thread/INFO]: [Not Secure] <elismaelkira> fps?
[03:46:19] [Server thread/INFO]: elismaelkira has made the advancement [Monster Hunter]
[03:46:21] [Server thread/INFO]: [Not Secure] <Katal24> 60
[03:47:28] [Server thread/INFO]: elismaelkira was shot by Skeleton
[03:47:35] [Server thread/INFO]: [Not Secure] <elismaelkira> bue
[03:47:37] [Server thread/INFO]: [Not Secure] <elismaelkira> hay lag
[03:47:51] [Server thread/INFO]: elismaelkira lost connection: Timed out
[03:47:51] [Server thread/INFO]: elismaelkira left the game
[03:48:00] [Server thread/INFO]: elismaelkira[/127.11.210.87:58519] logged in with entity id 3245 at (-20.02427524964345, 102.0, 27.838287811932748)
[03:48:00] [Server thread/INFO]: elismaelkira joined the game
[03:48:10] [Server thread/INFO]: [Not Secure] <elismaelkira> a
[03:48:27] [Server thread/INFO]: [Not Secure] <Katal24> Ke paso?
[03:48:32] [Server thread/INFO]: [Not Secure] <elismaelkira> mi net
[03:49:30] [Server thread/INFO]: [Not Secure] <elismaelkira> hay lag, no?
[03:49:42] [Server thread/INFO]: [Not Secure] <Katal24> no lo noto
[03:50:08] [Server thread/INFO]: elismaelkira was blown up by Creeper
[03:50:12] [Server thread/INFO]: [Not Secure] <elismaelkira> el hueso
[03:52:30] [Server thread/INFO]: [Not Secure] <Katal24> te quejas de mi net pero el tuyo no esta mucho mejor
[03:53:01] [Server thread/INFO]: [Not Secure] <elismaelkira> el mio normalmente va mucho mejor
[03:53:06] [Server thread/INFO]: [Not Secure] <elismaelkira> ni idea por que anda asi ahora xd
[03:54:53] [Server thread/INFO]: Made elismaelkira a server operator
[03:54:56] [Server thread/INFO]: [Not Secure] <Katal24> entonces mañana creas el server de mods?
[03:55:17] [Server thread/INFO]: [Not Secure] <elismaelkira> seee
[03:55:21] [Server thread/INFO]: [Not Secure] <elismaelkira> namas que mods
[03:55:39] [Server thread/INFO]: [elismaelkira: Applied effect Saturation to elismaelkira]
[03:55:46] [Server thread/INFO]: [Not Secure] <Katal24> no hibamos a jugar el de las clases estas?
[03:56:01] [Server thread/INFO]: [Not Secure] <elismaelkira> ya pero no se como instalar modpackas en un server
[03:56:14] [Server thread/INFO]: [Not Secure] <Katal24> investiga
[03:56:14] [Server thread/INFO]: [elismaelkira: Applied effect Saturation to elismaelkira]
[03:56:22] [Server thread/INFO]: [Not Secure] <elismaelkira> no hay video
[03:56:38] [Server thread/INFO]: [Not Secure] <Katal24> y si lo descargas uno por uno?ç
[03:57:12] [Server thread/INFO]: [Not Secure] <elismaelkira> ya
[03:57:17] [Server thread/INFO]: [Not Secure] <elismaelkira> pero un modpack no tiene solo mods
[03:57:23] [Server thread/INFO]: [Not Secure] <elismaelkira> tiene configuraciones
[03:57:44] [Server thread/INFO]: [Not Secure] <Katal24> enserio no hay video?
[03:57:51] [Server thread/INFO]: [elismaelkira: Applied effect Saturation to elismaelkira]
[03:57:53] [Server thread/INFO]: [Not Secure] <elismaelkira> nop
[03:58:08] [Server thread/INFO]: [Not Secure] <elismaelkira> es que yo uso como host github
[03:58:13] [Server thread/INFO]: [Not Secure] <Katal24> pues no se lo ke veas
[03:58:17] [Server thread/INFO]: [Not Secure] <elismaelkira> ya con server de paga creo que se puede
[04:00:49] [Server thread/INFO]: [Not Secure] <elismaelkira> la amatista pa que servia?
[04:00:56] [Server thread/INFO]: [Not Secure] <Katal24> el catalejo
[04:01:32] [Server thread/INFO]: elismaelkira has made the advancement [Acquire Hardware]
